Linken Sphere Apple Browser 测试报告
==================================================

测试时间: Windows-10-10.0.18362-SP0
Python版本: 3.10.11 (tags/v3.10.11:7d4cc5a, Apr  5 2023, 00:38:17) [MSC v.1929 64 bit (AMD64)]

总测试数: 6
通过测试: 5
失败测试: 1
成功率: 83.3%

详细结果:
  逻辑比较: 失败
  配置管理: 通过
  可执行文件构建: 通过
  GUI组件: 通过
  多线程支持: 通过
  Linken Sphere集成: 通过
